common.enable_cheats 0 0
common.leave_world 194535 194141
common.rejoin_world 402168 194141
common.leave_world 420839 211616
common.rejoin_world 437988 211616
common.leave_world 453927 226863
common.rejoin_world 455124 226863
common.leave_world 456096 227178
common.rejoin_world 634858 227178
common.leave_world 677485 269145
common.rejoin_world 1082958 269145
rsg.enter_end 4517772 3698719
rsg.obtain_obsidian 4519945 3700869
common.leave_world 4549218 3729899
common.rejoin_world 4581625 3729899
common.leave_world 4738436 3803224
common.rejoin_world 5174645 3803224
common.leave_world 5191628 3819208
common.rejoin_world 5192831 3819208
common.leave_world 5200868 3826310
common.rejoin_world 5207866 3826310
common.leave_world 5217430 3833782
common.rejoin_world 5230282 3833782
common.leave_world 5237794 3840301
common.rejoin_world 5432430 3840301
common.leave_world 5481537 3884601
common.rejoin_world 5548659 3884601
common.leave_world 5550748 3885997
common.rejoin_world 5553391 3885997
common.leave_world 6090253 807905
common.rejoin_world 6167291 807905
common.leave_world 7079812 1577652
common.rejoin_world 7202825 1577652
common.leave_world 8562702 2499900
common.rejoin_world 9319839 2499900
common.leave_world 12633044 4341202
common.rejoin_world 12719026 4341202
common.leave_world 15032675 6279616
common.rejoin_world 15315122 6279616
common.leave_world 16737285 7489414
common.rejoin_world 16925858 7489414
common.leave_world 16935142 7497966
common.rejoin_world 16936421 7497966
common.leave_world 17222363 7751760
common.rejoin_world 17235807 7751760
rsg.obtain_iron_pickaxe 17614049 7989133
common.leave_world 21413046 10583433
common.rejoin_world 21414989 10583433
common.leave_world 22063189 10980212
common.rejoin_world 22089873 10980212
common.leave_world 23146081 11761276
common.rejoin_world 23212874 11761276
common.leave_world 23651476 12098173
common.rejoin_world 23907475 12098173
rsg.enter_nether 24599371 12757925
common.leave_world 24633059 12764609
common.rejoin_world 24789228 12764609
common.leave_world 27538093 14394530
common.rejoin_world 27539257 14394530
rsg.first_portal 28147809 14851464
rsg.obtain_crying_obsidian 29665852 16136850
rsg.obtain_iron_ingot 30627961 16738065
common.leave_world 30697063 16742665
common.rejoin_world 30698597 16742665
common.leave_world 36417682 20781542
common.rejoin_world 36574702 20781542
common.leave_world 36671333 20873354
common.rejoin_world 36751388 20873354
rsg.obtain_lava_bucket 36770099 20890703
common.leave_world 37100079 21211003
common.rejoin_world 37103582 21211003
common.leave_world 37106036 21211252
common.rejoin_world 37417540 21211252
common.leave_world 37536441 21294001
